---
source: src/model/reverse_dependencies/reverse_dependency/tests/mod.rs
expression: reverse_dependencies

---
Ok(
    [
        ReverseDependency {
            name: "toxicblend",
            version: "0.0.10",
            version_required: "^0.4.1",
        },
    ],
)
